Se nao usar memoria Heap a gente te tira nota, em.
