Dica: crie suas proprias funcoes para deixar seu codigo bem modularizado.
