Vamos ver se voce consegue contar as ocorrencias disso: gaggagagag gagagag. Nao adianta botar a culpa no 9gag se voce nao conseguir terminar o trabalho a tempo. Ao menos usem reddit ao inves do 9gag.
