Bolacha ou biscoito? Resposta correta: bolacha! Voce nao vai acertar esse caso de teste se o seu programa responder biscoito HAHAHAHAHAHAHAHAHAHAHAHAHAHAHAHAHAHAHAHAHAH.
