62734093088931933347665459100573867478778737689370
