0:
1: 27 92
2:
3:
4: 95
5: 44 70
6: 45 97
7:
8: 73
9:
10: 49
11:
12:
