0: 487
1:
2: 976 489
3: 977 490
4: 491 978
5: 492
6: 493
7: 494 981
8:
9: 983
10: 984
11: 498
12: 986 499
13: 987
14: 501
15:
16:
17: 991 504
18: 992
19:
20:
21: 508 995
22:
23:
24: 511
25: 512
26: 1000
27:
28: 515
29:
30:
31: 518
32:
33:
34:
35: 522
36: 523
37:
38: 525
39:
40: 527
41:
42: 529
43:
44:
45: 532
46:
47: 534
48:
49:
50:
51:
52:
53: 540
54:
55:
56: 543
57:
58: 545
59: 546
60:
61: 548
62:
63: 550
64:
65:
66: 553
67:
68:
69: 556
70: 557
71: 558
72: 559
73: 560
74: 561
75: 562
76: 563
77:
78:
79: 566
80: 567
81:
82: 569
83:
84: 571
85:
86: 573
87: 574
88: 575
89: 576
90: 577
91: 578
92: 579
93: 580
94:
95: 582
96: 583
97:
98: 585
99: 586
100:
101:
102: 589 102
103: 590
104: 104
105:
106: 106
107:
108: 595
109: 596 109
110:
111:
112:
113: 600
114: 601
115: 602 115
116: 603 116
117: 117
118: 605
119: 119 606
120: 120 607
121: 121 608
122: 122
123: 123
124: 611
125: 125 612
126: 613 126
127: 614 127
128: 128 615
129:
130: 617
131: 131 618
132: 132
133: 620 133
134: 134
135: 135
136: 136 623
137: 137 624
138: 138 625
139: 626 139
140: 627 140
141: 141 628
142:
143:
144: 144
145:
146: 633
147: 634
148: 635 148
149: 636
150: 150 637
151:
152: 152
153: 640
154: 641 154
155:
156: 156 643
157: 644
158:
159: 159 646
160: 160
161: 648
162: 162 649
163: 650
164: 164 651
165: 165 652
166: 653
167: 654 167
168:
169:
170: 170 657
171: 171 658
172: 659
173: 660
174: 661
175:
176:
177: 177
178: 178
179: 179
180: 667 180
181: 668 181
182: 182
183:
184:
185: 672
186: 673
187: 674
188: 675
189: 189
190: 190 677
191: 678
192: 192
193: 680
194: 681
195: 195 682
196: 196
197: 197
198: 685 198
199: 199
200: 687
201: 688 201
202:
203: 203
204:
205: 692 205
206:
207: 207
208: 208 695
209: 209
210:
211: 211 698
212: 699 212
213: 700
214: 214 701
215: 702 215
216:
217: 217
218: 218
219: 219 706
220: 707
221: 221
222: 709
223: 710
224: 224
225: 225
226: 713
227: 227 714
228: 228 715
229: 716 229
230: 230
231:
232:
233:
234:
235:
236: 236
237: 237
238: 725 238
239: 726
240: 240 727
241: 241 728
242: 729
243: 730
244:
245:
246: 733
247: 734 247
248: 248 735
249:
250: 250 737
251: 738
252: 252
253:
254: 741
255:
256: 743
257: 744
258: 258
259: 259
260: 747 260
261: 261 748
262: 749
263:
264: 751
265:
266: 753
267: 267 754
268: 268
269: 269 756
270: 757 270
271: 271 758
272: 759 272
273: 760
274: 274 761
275: 275
276: 763 276
277: 277 764
278: 278
279: 766
280:
281: 768 281
282: 769
283: 283 770
284:
285:
286: 773
287: 287 774
288:
289: 776
290:
291: 778
292: 779 292
293: 780 293
294: 294
295: 782 295
296: 296
297: 784 297
298: 298
299:
300: 300
301: 301
302: 302 789
303: 303
304: 304 791
305: 305 792
306:
307: 307 794
308: 308
309: 796 309
310: 310
311: 798
312: 312 799
313: 313
314:
315:
316: 803
317: 804
318: 805
319: 319
320: 807 320
321: 808 321
322: 809
323: 810 323
324: 324 811
325: 325 812
326:
327: 814
328: 328
329: 816
330: 817
331:
332: 819 332
333: 333 820
334:
335: 822
336:
337: 337
338: 338 825
339: 826 339
340: 340 827
341:
342: 829
343: 830 343
344: 831 344
345: 345 832
346: 833
347:
348: 835
349: 349
350:
351: 838 351
352: 839
353: 353
354:
355: 842 355
356:
357:
358: 845 358
359: 846
360: 847
361: 361
362: 849
363: 363 850
364:
365: 365
366:
367: 854
368: 368
369: 369
370: 857
371: 371
372: 859 372
373: 373 860
374: 861 374
375: 862
376: 863
377:
378: 865
379:
380: 867 380
381: 868
382: 869
383:
384: 871
385: 872
386: 386
387:
388: 875
389: 876 389
390: 877
391: 391
392: 392 879
393: 393
394: 881
395: 395
396: 883 396
397: 397
398: 398
399: 886
400: 400
401: 401
402: 889 402
403: 890
404: 404
405:
406: 893
407: 894
408: 895 408
409: 896
410: 410
411: 411 898
412:
413:
414: 901
415: 415 902
416: 416 903
417:
418: 905
419: 906 419
420: 420 907
421: 908
422: 909 422
423: 910
424: 424 911
425:
426: 913
427: 427 914
428: 915
429: 916
430: 917
431: 431 918
432:
433:
434: 434 921
435:
436: 923
437: 437 924
438: 925 438
439:
440: 927 440
441: 441 928
442: 929
443: 930 443
444: 444 931
445:
446: 933 446
447: 447 934
448: 935 448
449: 936
450: 450 937
451: 938 451
452: 452
453: 453
454:
455:
456: 943 456
457: 944
458: 458
459:
460: 947
461: 461
462: 462
463: 950
464: 951
465: 952
466: 953
467: 467
468: 468
469: 956 469
470: 957
471: 958
472: 472
473: 473
474: 961 474
475: 962
476: 963
477: 477
478:
479: 966
480: 967
481:
482: 969
483:
484: 484
485: 972
486: 973
