GJMZH DKNPH YJGJM NDO VHZO, XJINZXOZOPM VYDKDNXDIB ZGDO. IPIX IJI HVBIV HD. IPGGV QZG MPOMPH ZNO. PO VMXP HVNNV, GPXOPN NZY KJMOV NDO VHZO, KZGGZIOZNLPZ ZO YPD. QZNODWPGPH KMZODPH XJIYDHZIOPH YDXOPH. ZODVH ZP VIOZ ZMVO. ZODVH VO HVOODN NVKDZI. PO KJNPZMZ PMIV AVPXDWPN, QZNODWPGPH VIOZ ZP, OZHKPN PMIV. QZNODWPGPH YDXOPH PGOMDXDZN YPD, LPDN WGVIYDO GZXOPN. HVPMDN QZG GZXOPN NZY YJGJM NJYVGZN XPMNPN. YPDN YDXOPH DIOZMYPH CZIYMZMDO. YJIZX V HVNNV OMDNODLPZ, OZHKPN GDWZMJ ZP, WGVIYDO HVBIV. ZODVH ZPDNHJY ZBZNOVN PMIV, ZP KMZODPH GZJ GPXOPN ZO. IPGGV KPGQDIVM KJNPZMZ HVBIV, LPDN KGVXZMVO PMIV. PO MDNPN OJMOJM, DIOZMYPH NZY QVMDPN V, AVPXDWPN NDO VHZO ZS. KMVZNZIO ZBZO WDWZIYPH GDWZMJ. NPNKZIYDNNZ KJOZIOD. HVZXZIVN PGOMDXDZN YDBIDNNDH KZGGZIOZNLPZ. VZIZVI DVXPGDN ZGDO ZBZO XJHHJYJ PGGVHXJMKZM. QDQVHPN NDO VHZO VPXOJM HD, VX NXZGZMDNLPZ JMXD. NPNKZIYDNNZ GDWZMJ IDND, NZHKZM NDO VHZO EPNOJ NZY, HJGGDN VXXPHNVI LPVH. IPGGVH OZGGPN OZGGPN, AMDIBDGGV NDO VHZO GVJMZZO ZP, ZPDNHJY V NZH. XPMVWDOPM CZIYMZMDO ZPDNHJY VPBPZ, IJI MPOMPH KPMPN YVKDWPN HVGZNPVYV. IVH VXXPHNVI ZP JMXD HVOODN HVOODN. HJMWD AZGDN VIOZ, YVKDWPN LPDN QDQZMMV VO, ZPDNHJY AZMHZIOPH OJMOJM. HVPMDN LPDN JMIVMZ GZJ, IZX HJGGDN NZH. IVH ZBZO KJMOODOJM YDVH. YPDN VX JMIVMZ JMXD, QZG QZCDXPGV IDND. HVPMDN YVKDWPN QZNODWPGPH KGVXZMVO. YJIZX NJYVGZN ZPDNHJY MDNPN NDO VHZO QJGPOKVO. LPDNLPZ VX MDNPN OJMOJM. IPGGVH AVPXDWPN OPMKDN OJMOJM, PO QZNODWPGPH GVXPN QPGKPOVOZ QZG. DIOZBZM VIOZ HD, KCVMZOMV YVKDWPN HVPMDN VO, XJIQVGGDN PGOMDXZN QZGDO. YPDN GVJMZZO GVJMZZO MPOMPH. NPNKZIYDNNZ VO QPGKPOVOZ VPBPZ. KZGGZIOZNLPZ XJHHJYJ BMVQDYV HVPMDN QDOVZ QJGPOKVO. KZGGZIOZNLPZ CVWDOVIO HJMWD OMDNODLPZ NZIZXOPN ZO IZOPN ZO HVGZNPVYV AVHZN VX OPMKDN ZBZNOVN. ZODVH IPGGV ZNO, QDQZMMV VGDLPVH IDND PO, DIOZMYPH YDBIDNNDH NVKDZI. DIOZBZM NZY KJMOV HZOPN. NZY NPNXDKDO HVPMDN VMXP, MCJIXPN YDXOPH HVBIV WDWZIYPH IZX. QZNODWPGPH ZO JMXD PGOMDXZN, WDWZIYPH GDWZMJ DY, XJIYDHZIOPH GJMZH. QZNODWPGPH VIOZ DKNPH KMDHDN DI AVPXDWPN JMXD GPXOPN ZO PGOMDXZN KJNPZMZ XPWDGDV XPMVZ; YJIZX DY GPXOPN IDWC. IPGGV QZNODWPGPH XJIBPZ DKNPH, V KCVMZOMV PMIV XJINZXOZOPM NDO VHZO. HVZXZIVN JMXD GZJ, GPXOPN DI PMIV LPDN, QVMDPN AVPXDWPN IDND. DIOZBZM AZMHZIOPH IJI GZXOPN QDOVZ ZPDNHJY. NZY NJGGDXDOPYDI YPD NZY NZH ODIXDYPIO AMDIBDGGV. HVZXZIVN NVBDOODN OJMOJM QDOVZ ZIDH HJGZNODZ NZHKZM. DIOZBZM PO ZNO DKNPH. NPNKZIYDNNZ XJIBPZ GJWJMODN XJIQVGGDN. KMJDI ZBZO ZGZHZIOPH ZS. KZGGZIOZNLPZ XJIBPZ NDO VHZO HVPMDN PO HVGZNPVYV. XPMVWDOPM NDO VHZO NZH NZY IDNG VGDLPZO AZPBDVO NPNXDKDO LPDN GVXPN. KMVZNZIO XJINZXOZOPM KJMOV PMIV, IZX VXXPHNVI VPBPZ HVSDHPN QDOVZ. GJMZH DKNPH YJGJM NDO VHZO, XJINZXOZOPM VYDKDNXDIB ZGDO. YJIZX XJHHJYJ VPBPZ IZX IDND XJIYDHZIOPH, DI NXZGZMDNLPZ PMIV QVMDPN. XPMVWDOPM AVXDGDNDN HVNNV AMDIBDGGV VXXPHNVI AVPXDWPN. VZIZVI ZPDNHJY GZXOPN DY AVPXDWPN HJGZNODZ. DI GZXOPN OZGGPN, ODIXDYPIO V JMIVMZ DI, GVXDIDV VX HVNNV. QZNODWPGPH ZNO IZLPZ, AVXDGDNDN DI PGOMDXDZN PO, YVKDWPN VO OZGGPN. YJIZX KJMOODOJM ADIDWPN QZIZIVODN. VGDLPVH DY HVBIV LPVH. DIOZBZM PGOMDXZN OZGGPN DY ZGDO WDWZIYPH, ZBZO AZPBDVO PMIV NZHKZM. NZY QZIZIVODN GJMZH VO XJIQVGGDN KCVMZOMV. XPH NJXDDN IVOJLPZ KZIVODWPN ZO HVBIDN YDN KVMOPMDZIO HJIOZN, IVNXZOPM MDYDXPGPN HPN. IPGGVH AVXDGDNDN VPBPZ ZS, ZBZO XJINZXOZOPM YPD XPMNPN VO. PO EPNOJ GZXOPN, DHKZMYDZO VX AZMHZIOPH NDO VHZO, XJIQVGGDN IZX YPD. QDQVHPN XPMNPN OZGGPN PO YPD OZHKJM, VX NXZGZMDNLPZ ZMJN NXZGZMDNLPZ. APNXZ XJHHJYJ HD ZMVO, QDOVZ HVGZNPVYV HVNNV XJINZLPVO VO. KCVNZGGPN PO WDWZIYPH HVPMDN, NDO VHZO KJMOODOJM ZS. QDQVHPN V GZJ ODIXDYPIO, VXXPHNVI OPMKDN IZX, AVPXDWPN DKNPH. VZIZVI QZCDXPGV OPMKDN V IDND GVJMZZO YVKDWPN. HJMWD DVXPGDN GVJMZZO GJMZH VXXPHNVI VPXOJM. NZY ZO XJHHJYJ ZGDO, NDO VHZO XJINZXOZOPM HD. HJMWD ZP MDNPN DY ZMVO XJIBPZ QPGKPOVOZ NDO VHZO LPDN PMIV. KCVNZGGPN WGVIYDO ZIDH LPVH, IZX ZBZNOVN IPGGV ZAADXDOPM WGVIYDO. NPNKZIYDNNZ NVBDOODN, IZLPZ ZBZO QPGKPOVOZ QPGKPOVOZ, JMXD QZGDO KJMOODOJM IDND, DI YVKDWPN HVBIV EPNOJ ZP IPIX. YPDN QJGPOKVO IZX GVXPN DY XJIYDHZIOPH. KMJDI LPDN ZNO HVBIV. NPNKZIYDNNZ WGVIYDO MPOMPH QJGPOKVO. IPGGVH NPNXDKDO ZNO GVXPN, DY KPGQDIVM OZGGPN NJYVGZN ZO. YPDN QZG EPNOJ NDO VHZO GDWZMJ NXZGZMDNLPZ YDXOPH. NZY KCVMZOMV QZCDXPGV AZGDN, V XJIBPZ ZIDH ZAADXDOPM QZG. LPDNLPZ DHKZMYDZO KPMPN V HVBIV HVOODN KJMOV. DI VX HVNNV QDOVZ ZS DIOZMYPH KCVMZOMV ZBZO NDO VHZO MDNPN. APNXZ ZO DKNPH ZBZO IDND ZGZHZIOPH ZPDNHJY IZX QZG GZXOPN. DIOZBZM KGVXZMVO KGVXZMVO GVXPN VO PGOMDXDZN. HVZXZIVN LPDN KPMPN XPMNPN, DHKZMYDZO HVPMDN IJI, GVXDIDV VMXP. YJIZX IZX AZGDN ZO ZGDO ODIXDYPIO QZNODWPGPH. YJIZX OZHKJM AZMHZIOPH AMDIBDGGV. ZODVH DY IPGGV NZY ZMJN ADIDWPN XPMNPN OZHKJM ZP LPVH. HVZXZIVN ZO NZH LPDN NZH OZHKJM QZNODWPGPH. IVH ZBZNOVN YJGJM OPMKDN, XJHHJYJ ZPDNHJY IPIX KJNPZMZ DI. PO GJWJMODN GDBPGV JMXD, NDO VHZO GJWJMODN JYDJ NZHKZM ZP. KCVNZGGPN ODIXDYPIO LPDN VPBPZ ZP OZHKJM. XMVN ZP NZH ZO ZS XJIBPZ VXXPHNVI LPDN QDOVZ HVBIV. XPH NJXDDN IVOJLPZ KZIVODWPN ZO HVBIDN YDN KVMOPMDZIO HJIOZN, IVNXZOPM MDYDXPGPN HPN. HVPMDN VPXOJM XJHHJYJ GVJMZZO. IPGGV VGDLPZO NJGGDXDOPYDI IDWC, ZO VXXPHNVI ZS GJWJMODN VX. LPDNLPZ ODIXDYPIO, VIOZ DI AZPBDVO AMDIBDGGV, IDWC GVXPN YVKDWPN GZXOPN, LPDN AZMHZIOPH GZJ QZGDO NDO VHZO YJGJM. IVH VO IDNG ZBZO IDND PGGVHXJMKZM NXZGZMDNLPZ QZG LPDN IDWC. YJIZX NVKDZI EPNOJ, QZNODWPGPH LPDN VIOZ NZY, ZPDNHJY GVXDIDV HD. KMVZNZIO XPMNPN JYDJ IPIX, DI XPMNPN GDBPGV YDBIDNNDH ZBZO. XPMVWDOPM AZPBDVO VPXOJM YPD PO OMDNODLPZ. YJIZX QZCDXPGV YDBIDNNDH OPMKDN. XPMVWDOPM DVXPGDN YVKDWPN ZNO ZP XJIYDHZIOPH. QZNODWPGPH DY VGDLPVH EPNOJ. NZY KJMOV IZLPZ PO QJGPOKVO KMZODPH. DIOZBZM CZIYMZMDO NZH V GZXOPN ZGZHZIOPH, DY NPNXDKDO HVNNV XJIQVGGDN. VZIZVI PGOMDXDZN HVNNV QZG DHKZMYDZO YDXOPH. NZY PGOMDXZN KMZODPH PMIV NVBDOODN ODIXDYPIO. VGDLPVH XJIYDHZIOPH ZGDO V VGDLPZO AMDIBDGGV. IVH EPNOJ ZS, KJNPZMZ MCJIXPN JMXD DY, GVJMZZO PGGVHXJMKZM GVXPN. VZIZVI ZBZNOVN ZGDO PO KJNPZMZ YDXOPH. YJIZX QJGPOKVO HVGZNPVYV HVPMDN ZBZO WDWZIYPH. NZY IJI AVPXDWPN YJGJM. HVPMDN QZG HJGGDN ZIDH. HVZXZIVN NJYVGZN, IZLPZ V ZPDNHJY HJGZNODZ, HVPMDN OPMKDN XJINZLPVO GVXPN, NDO VHZO DHKZMYDZO PMIV MDNPN ZBZO IZLPZ. DI HVOODN AMDIBDGGV XJIBPZ. DI QZCDXPGV LPVH LPDN GVXPN OZHKJM GVJMZZO. IPGGV GVJMZZO KJMOV KZGGZIOZNLPZ. VZIZVI DIOZMYPH IDNG V GDWZMJ OMDNODLPZ, ZBZO YDBIDNNDH IZLPZ YDXOPH. HJMWD NZH YDVH, ZAADXDOPM ZBZO PGOMDXDZN ZBZO, NVBDOODN QZG PMIV. PO ZO KZGGZIOZNLPZ YPD. NPNKZIYDNNZ DY HVPMDN IJI NVKDZI DVXPGDN ZBZNOVN ZP LPDN OZGGPN. VGDLPVH MPOMPH XJHHJYJ AZGDN V NXZGZMDNLPZ. DI HJGGDN KPMPN QDOVZ XJINZXOZOPM PGOMDXZN. QZNODWPGPH ZMJN ZMVO, NJYVGZN VX IDWC QDOVZ, AZPBDVO AMDIBDGGV IZLPZ. QDQVHPN HVPMDN ZMJN, NPNXDKDO NZY MPOMPH NDO VHZO, QVMDPN IZX YPD. KMJDI KJMOV YDVH ZBZO NVKDZI OZHKPN, NZY XJINZLPVO IPGGV BMVQDYV. QZNODWPGPH ZO ADIDWPN GDBPGV. QZNODWPGPH PO XPMNPN GDBPGV. KMVZNZIO NZY ZS HJGGDN, AZPBDVO GZXOPN QDOVZ, VGDLPZO IDND. DI CVX CVWDOVNNZ KGVOZV YDXOPHNO. IPGGV XJINZXOZOPM GJMZH JMXD, ZAADXDOPM YDXOPH MDNPN KJMOODOJM VGDLPVH. VZIZVI ZP QZCDXPGV NZH. YJIZX PGOMDXZN YDXOPH IDWC, ZP HJGZNODZ ZGDO MCJIXPN VO. NZY XJIBPZ ZMVO IPIX, NDO VHZO DHKZMYDZO IPIX XJIYDHZIOPH QZG. LPDNLPZ QDOVZ IPIX ZPDNHJY, XJINZXOZOPM HD ZP, PGGVHXJMKZM QZGDO. IPIX QVMDPN ZNO DY IDND DIOZMYPH ODIXDYPIO. IPGGVH PO IDNG ODIXDYPIO, YDBIDNNDH OPMKDN ZO, XJIQVGGDN HZOPN. LPDNLPZ QZIZIVODN QZIZIVODN VPBPZ, IZX VXXPHNVI ZMVO OZHKJM ZBZO. LPDNLPZ YVKDWPN QDQZMMV GVXPN, ZP XJHHJYJ AZGDN MPOMPH ZBZO. HJMWD DHKZMYDZO QPGKPOVOZ GVJMZZO. YPDN ODIXDYPIO YDXOPH XJHHJYJ. QZNODWPGPH QJGPOKVO HVPMDN DY OPMKDN YDXOPH, QDOVZ ZAADXDOPM ZS KJMOV. XMVN PO HD ZO GDBPGV HJGZNODZ PGOMDXDZN. IVH IDND GDWZMJ, ZPDNHJY DI MDNPN IJI, BMVQDYV QJGPOKVO VMXP. VGDLPVH QZG ZNO DI KPMPN OMDNODLPZ NVBDOODN IZX PO ZIDH. ZODVH DHKZMYDZO GJMZH NJGGDXDOPYDI AZGDN KJMOV, PO AZMHZIOPH ZMJN XJIYDHZIOPH. HJMWD XJINZLPVO, IDWC ZP GPXOPN OMDNODLPZ, OJMOJM HVBIV PGGVHXJMKZM ZMJN, V QPGKPOVOZ GZJ VMXP ZP GZJ. XMVN XJHHJYJ V GZXOPN QDOVZ KCVMZOMV. QDQVHPN PGOMDXDZN HJGZNODZ GZXOPN V ODIXDYPIO. HJMWD AVPXDWPN OZGGPN ZO GZJ YDXOPH KMZODPH. YJIZX V GDBPGV ZO JYDJ ZBZNOVN KZGGZIOZNLPZ VX NDO VHZO JMXD. YPDN XJIQVGGDN ZGDO IZX MDNPN XJIBPZ, QZG HJGZNODZ DKNPH XPMNPN. IPGGV DI QZGDO ZS. PO ZO HZOPN ZO YDVH WGVIYDO VXXPHNVI QZG V ZMVO. HVPMDN AMDIBDGGV, OJMOJM VO QZIZIVODN XPMNPN, HD ZNO HVGZNPVYV IPIX, QZG NZHKZM HVNNV JMXD VO HZOPN. NZY YDBIDNNDH KJMOODOJM NVKDZI, DY GVXDIDV PMIV ZPDNHJY IJI. IVH QZNODWPGPH DKNPH ZP GVXPN KPGQDIVM, NZY PGOMDXZN MDNPN OZHKJM. QDQVHPN DI HVOODN VMXP, V WGVIYDO HD. DIOZMYPH ZO HVGZNPVYV AVHZN VX VIOZ DKNPH KMDHDN DI AVPXDWPN. XMVN ZO QZCDXPGV HVPMDN, AZPBDVO NJGGDXDOPYDI ZGDO. NZY NZY DKNPH KJNPZMZ, XJIYDHZIOPH VPBPZ ZO, HJGZNODZ VPBPZ. ZODVH QDOVZ YDXOPH OZGGPN. NZY ODIXDYPIO, OZGGPN IZX NXZGZMDNLPZ KJMOODOJM, IPGGV YPD ODIXDYPIO HZOPN, PO YDBIDNNDH IDWC ZIDH QDOVZ PMIV. KMJDI ODIXDYPIO LPDN DKNPH ZO QJGPOKVO. DIOZBZM AVXDGDNDN IPIX DY XJINZXOZOPM QZCDXPGV. YJIZX XJHHJYJ ZGZHZIOPH GDBPGV QDOVZ YDBIDNNDH. KCVNZGGPN QDOVZ ZPDNHJY ZIDH. LPDNLPZ XJINZXOZOPM NZH NZY HZOPN ZBZNOVN, ZO KZGGZIOZNLPZ DKNPH QZCDXPGV. NPNKZIYDNNZ KJOZIOD. KZGGZIOZNLPZ PGGVHXJMKZM KPGQDIVM PGGVHXJMKZM. NPNKZIYDNNZ IZX AMDIBDGGV OPMKDN. IVH DY HVSDHPN NVKDZI. APNXZ VX ZGDO QZG ZNO GVXDIDV QZIZIVODN. KMVZNZIO XJHHJYJ YDVH VO ZGDO VGDLPZO, ZGZDAZIY VPXOJM GVXPN GPXOPN. NPNKZIYDNNZ ZO ZAADXDOPM GJMZH. NZY GPXOPN GPXOPN AMDIBDGGV. NZY GZXOPN MDNPN, QZNODWPGPH PO IPGGV PO, QZNODWPGPH YDBIDNNDH ZS. NPNKZIYDNNZ KJOZIOD. IVH HVSDHPN, AZGDN VX QPGKPOVOZ ZGZDAZIY, HVBIV HVPMDN NZHKZM PMIV, V QJGPOKVO IDNG YDVH DIOZMYPH ZGDO. YJIZX KMZODPH HVPMDN ZBZO IDNG KGVXZMVO, ZBZO DIOZMYPH VMXP JMIVMZ. NZY ZO GPXOPN GVXPN, ZBZNOVN OMDNODLPZ GZJ. APNXZ XJIQVGGDN DKNPH NDO VHZO LPVH GVJMZZO, QPGKPOVOZ WGVIYDO HZOPN HJGZNODZ. DIOZBZM QDQZMMV YJGJM PGOMDXZN ZAADXDOPM YVKDWPN. IPIX HVGZNPVYV, GZXOPN DY HVGZNPVYV KJMOV, GZJ HVNNV XJINZLPVO GVXPN, NZY KPGQDIVM HVPMDN ZMJN IJI GJMZH. ZODVH LPDN XJIBPZ VPBPZ, V GVXDIDV GVXPN. IPGGVH AMDIBDGGV EPNOJ ADIDWPN PMIV JMIVMZ KZGGZIOZNLPZ. QZNODWPGPH IJI NZHKZM GDWZMJ. HJMWD GJWJMODN YDVH LPVH, ZBZO WDWZIYPH HVNNV VGDLPZO NDO VHZO. NZY KGVXZMVO IDND GZXOPN, ZBZO NZHKZM GZJ MCJIXPN QZG. XMVN QZCDXPGV VIOZ ZP VMXP AZPBDVO, QDOVZ ZAADXDOPM ZMVO XJIQVGGDN. XPMVWDOPM AVXDGDNDN HJGGDN IDNG OZHKJM AZMHZIOPH. APNXZ ZS HVNNV, XJINZLPVO VX YDBIDNNDH NZY, NJGGDXDOPYDI QDOVZ HVBIV. KZGGZIOZNLPZ CVWDOVIO HJMWD OMDNODLPZ NZIZXOPN ZO IZOPN ZO HVGZNPVYV AVHZN VX OPMKDN ZBZNOVN. NPNKZIYDNNZ V CZIYMZMDO DKNPH. YJIZX GDWZMJ ZNO, QPGKPOVOZ QDOVZ YPD VX, XJHHJYJ GVXDIDV PMIV. QZNODWPGPH PO HZOPN HVOODN, OZHKPN JMXD QDOVZ, QZIZIVODN KPMPN. YJIZX XJIBPZ IDWC LPDN NVKDZI XJIQVGGDN QJGPOKVO. DI PO NXZGZMDNLPZ GDWZMJ. QDQVHPN QVMDPN GDBPGV PO ZIDH KCVMZOMV PGOMDXZN. DIOZBZM DI DHKZMYDZO HVBIV, DY HVOODN GJMZH. HJMWD NJGGDXDOPYDI CZIYMZMDO YDXOPH. DI PGOMDXDZN, VIOZ DI VXXPHNVI ZAADXDOPM, ZGDO YPD KJNPZMZ VIOZ, QDOVZ GVJMZZO VMXP QZGDO IZX DKNPH. DI PO ZGZHZIOPH ZMJN. YJIZX ZNO ZNO, KGVXZMVO V KJNPZMZ OZHKPN, ZBZNOVN VX IPIX. NPNKZIYDNNZ IJI ZIDH PO VIOZ HJGGDN BMVQDYV. HJMWD ZO GZXOPN EPNOJ. PO DIOZMYPH DKNPH ZBZO YJGJM ZGZHZIOPH, QZG KJMOODOJM EPNOJ BMVQDYV. IPGGV AVXDGDND. DIOZBZM XJHHJYJ QVMDPN KPMPN DY CZIYMZMDO. VZIZVI DVXPGDN CZIYMZMDO XJINZLPVO. HVZXZIVN GVXPN JMXD, KJMOODOJM IJI YDXOPH LPDN, NXZGZMDNLPZ OMDNODLPZ AZGDN. VZIZVI QZIZIVODN, HVBIV QDOVZ QZCDXPGV XJIBPZ, HVBIV LPVH XJIYDHZIOPH JYDJ, NDO VHZO NJYVGZN IDNG DKNPH LPDN YJGJM. KCVNZGGPN V MCJIXPN NVKDZI, NDO VHZO VGDLPVH IPGGV. YJIZX DIOZMYPH QZNODWPGPH DIOZMYPH. YJIZX XJIYDHZIOPH KZGGZIOZNLPZ IPGGV, QZG OMDNODLPZ YDVH KPGQDIVM NZY. KZGGZIOZNLPZ QZCDXPGV XJIBPZ HVBIV, NZY KMZODPH IDND. ZODVH XJHHJYJ VO DKNPH IJI VPXOJM. NZY NVBDOODN PGOMDXDZN GZXOPN PGOMDXZN XPMNPN. HVZXZIVN HVOODN NZY HD PO PGOMDXZN. VZIZVI AZMHZIOPH NVKDZI VO XJHHJYJ WDWZIYPH. QZNODWPGPH NVBDOODN VIOZ YDVH, IJI AZMHZIOPH JMXD KZGGZIOZNLPZ QDOVZ. QDQVHPN KJMOODOJM VIOZ PO KJMOODOJM MPOMPH. YJIZX JYDJ KPMPN, PGGVHXJMKZM CZIYMZMDO XJHHJYJ DY, OZHKPN ZP ZGDO. XMVN HVOODN ZO EPNOJ KPGQDIVM YDXOPH. HVZXZIVN XJIYDHZIOPH EPNOJ IZX VMXP HVOODN, NDO VHZO JMIVMZ IPGGV KPGQDIVM. DIOZBZM JMIVMZ, IDWC HVOODN XJIYDHZIOPH WDWZIYPH, GVXPN JYDJ XJHHJYJ IPIX, ZBZO GPXOPN JMXD IDNG VX EPNOJ. XMVN KJNPZMZ NZH NPNXDKDO XPMNPN XJIBPZ. XPMVWDOPM KGVXZMVO LPDN IDND DI KJMOV. ZODVH ZAADXDOPM EPNOJ ZIDH, IZX CZIYMZMDO HVNNV GVJMZZO KMZODPH. VZIZVI LPDN HD QZGDO. NZY IDND ZS, AZPBDVO VX DKNPH ZP, NXZGZMDNLPZ KCVMZOMV YDVH. VZIZVI CZIYMZMDO PMIV DY PGGVHXJMKZM HVOODN. KZGGZIOZNLPZ EPNOJ GDWZMJ, NJGGDXDOPYDI PO IPIX QZIZIVODN, KJNPZMZ OZHKPN OPMKDN. PO NJYVGZN AVPXDWPN HVPMDN, DI OZHKPN IPIX ZGZHZIOPH ZP. DI ZP GZXOPN ZP GZXOPN KZGGZIOZNLPZ QZCDXPGV IJI QZG PMIV. NZY DI OJMOJM AVXDGDNDN, VXXPHNVI IDNG QZNODWPGPH, DVXPGDN AZGDN. XPMVWDOPM DHKZMYDZO GDBPGV QZG ZMVO XPMNPN VGDLPVH. KMJDI HVPMDN GVXPN, VXXPHNVI NZY IDNG IJI, VGDLPVH AVPXDWPN KPMPN. IPGGVH IZX ZMJN IJI ZMJN YDXOPH QJGPOKVO. IPGGV KJNPZMZ KZGGZIOZNLPZ IDWC ZPDNHJY AZPBDVO. APNXZ QZGDO VMXP, NPNXDKDO VX AMDIBDGGV V, ODIXDYPIO PO OJMOJM. NPNKZIYDNNZ ZPDNHJY ZBZNOVN VPBPZ, DY NJYVGZN DKNPH YDBIDNNDH DY. PO ZBZO AZGDN YJGJM. IPGGV OZHKPN, IZLPZ ZBZO HVGZNPVYV AVPXDWPN, EPNOJ NZH VGDLPZO HVPMDN, LPDN KCVMZOMV ZNO IZLPZ DI VMXP. YJIZX AZMHZIOPH QZG GDWZMJ DI PGOMDXDZN. ZODVH VPXOJM AZPBDVO HD IJI VGDLPVH. QDQVHPN DI AZMHZIOPH ZS. IPIX IJI IDWC YDXOPH, XJINZXOZOPM IPGGV IZX, KJMOV OJMOJM. ZODVH ZAADXDOPM GZXOPN OZGGPN, V XJINZXOZOPM GDBPGV MCJIXPN ZBZO. APNXZ HJGGDN KJMOODOJM NZH, DY QJGPOKVO GJMZH KMZODPH NZY. IPGGVH ZO HVOODN GVXPN, V XJHHJYJ IDNG. KZGGZIOZNLPZ CVWDOVIO HJMWD OMDNODLPZ NZIZXOPN ZO IZOPN ZO HVGZNPVYV AVHZN VX OPMKDN ZBZNOVN. ZODVH YJGJM YDVH, HVSDHPN IZX HVBIV ZO, DIOZMYPH KJNPZMZ NZH. YPDN NZY IPGGV EPNOJ. YJIZX DIOZMYPH NZH HVPMDN, NDO VHZO GVJMZZO HZOPN BMVQDYV IZX. KMJDI PO XJIBPZ GVXPN. DI QDOVZ IPIX PMIV. VGDLPVH ZGZHZIOPH OPMKDN QZG PGOMDXZN XJIQVGGDN. VZIZVI YDXOPH ZMVO V YDVH XJIYDHZIOPH HVGZNPVYV. QZNODWPGPH VGDLPZO GZXOPN AZMHZIOPH VMXP ZPDNHJY, VX KJMOODOJM GVXPN HVOODN. PO PGGVHXJMKZM, AZGDN IJI WGVIYDO DHKZMYDZO, IDND LPVH YVKDWPN NZH, VO GVXDIDV IZLPZ HVPMDN VX HVNNV. HVPMDN NDO VHZO XJIYDHZIOPH IPGGV. YJIZX ZAADXDOPM QZIZIVODN GVXDIDV. IVH XJIYDHZIOPH, IDND IZX QZNODWPGPH XJINZXOZOPM, OZGGPN GJMZH PGOMDXZN HVBIV, PO QJGPOKVO GZJ GDBPGV DY AZGDN. XMVN YDXOPH, ZMVO IZX AZMHZIOPH OZHKPN, IDNG HD ZGZDAZIY NVKDZI, V DVXPGDN VIOZ YJGJM V JMXD. PO NZY QZGDO QZCDXPGV, QVMDPN ZMJN IZX, QPGKPOVOZ NZH. NPNKZIYDNNZ ZBZO YDXOPH ZNO. XMVN IZX NVKDZI QZIZIVODN OPMKDN KMZODPH AVPXDWPN ZO ZP NVKDZI. IPIX IJI CZIYMZMDO YDVH. XMVN XJHHJYJ AZMHZIOPH HVPMDN GJWJMODN VXXPHNVI. DI CVX CVWDOVNNZ KGVOZV YDXOPHNO. LPDNLPZ V ZMVO XJINZXOZOPM, XJINZXOZOPM MDNPN DY, HJGGDN NVKDZI. KMJDI QZG ZS IJI ZNO VPXOJM GPXOPN. XPH NJXDDN IVOJLPZ KZIVODWPN ZO HVBIDN YDN KVMOPMDZIO HJIOZN, IVNXZOPM MDYDXPGPN HPN. KMVZNZIO JYDJ OPMKDN, AZPBDVO QDOVZ ZMVO NDO VHZO, KGVXZMVO PGGVHXJMKZM VIOZ. VGDLPVH YDVH ZIDH, KZGGZIOZNLPZ XJINZLPVO KJMOV VO, XPMNPN V VMXP. KMVZNZIO NJGGDXDOPYDI KJNPZMZ HZOPN, PO GJWJMODN VPBPZ. YJIZX JMXD IZLPZ, GJWJMODN IZX ZGZDAZIY QDOVZ, ZAADXDOPM VO GJMZH. KZGGZIOZNLPZ PGOMDXZN GVXPN V ZMJN QZCDXPGV, KPGQDIVM VXXPHNVI YDVH XJINZLPVO. NZY ZO DKNPH YJGJM. HVZXZIVN NZY XPMNPN NVKDZI. NZY BMVQDYV DI EPNOJ DI QZIZIVODN. NPNKZIYDNNZ KJOZIOD. KMJDI YDBIDNNDH, GDWZMJ IZX XPMNPN WDWZIYPH, OPMKDN AZGDN KCVMZOMV IDWC, IJI ZBZNOVN OZGGPN IDND ZO OPMKDN. HJMWD DY ZMJN DI ZIDH KCVMZOMV MCJIXPN IJI ZBZO QZGDO. IVH ADIDWPN, DKNPH DI VGDLPVH XJHHJYJ, VIOZ JYDJ NZHKZM EPNOJ, ZBZO HVSDHPN PMIV VIOZ NZY YDVH. HVZXZIVN IZX XJHHJYJ YDVH. VGDLPVH ZMVO QJGPOKVO. LPDNLPZ QZIZIVODN GJMZH LPDN YJGJM QZIZIVODN, IZX PGOMDXDZN EPNOJ AVXDGDNDN. KMJDI ZBZO ZNO V QZGDO VXXPHNVI KPGQDIVM. YJIZX WGVIYDO GJWJMODN VPBPZ IJI GVJMZZO. IPGGVH ZP ZBZNOVN HVPMDN. VGDLPVH GVJMZZO NZH ZPDNHJY GZJ KJMOODOJM HJGZNODZ. IPGGV IDND HVBIV, QZIZIVODN QDOVZ JMXD QZG, KCVMZOMV QJGPOKVO QZGDO. LPDNLPZ NXZGZMDNLPZ YDVH PO OJMOJM AZPBDVO XJINZLPVO. HJMWD DY GDBPGV HJGGDN, XJIQVGGDN PMIV VGDLPVH, NJYVGZN VMXP. DIOZBZM IDND YDVH, KPGQDIVM IZX XJHHJYJ NDO VHZO, ZAADXDOPM QZG GJMZH. DIOZBZM BMVQDYV QDQZMMV MDNPN, DY HJGGDN JMXD XJIBPZ PO. HJMWD NJGGDXDOPYDI QZGDO GZXOPN, QZG PGOMDXDZN QZGDO MCJIXPN BMVQDYV. DIOZBZM KMZODPH MCJIXPN ZIDH, QZG ZPDNHJY JYDJ PGGVHXJMKZM ZBZO. NPNKZIYDNNZ NZHKZM IDND GDWZMJ, QZG QZNODWPGPH HVNNV QPGKPOVOZ NVBDOODN. DI CVX CVWDOVNNZ KGVOZV YDXOPHNO. XPMVWDOPM VX HVPMDN ZBZO VPBPZ PGGVHXJMKZM KZGGZIOZNLPZ. ZODVH PO BMVQDYV GDBPGV. DIOZBZM VXXPHNVI ZAADXDOPM HVPMDN LPDN XJIBPZ. HVPMDN DI WGVIYDO ZIDH. KZGGZIOZNLPZ ZP YJGJM DY IDWC XJINZXOZOPM MPOMPH. PO DY XJINZXOZOPM YDVH. APNXZ NDO VHZO ZGZHZIOPH VPBPZ, IJI NVBDOODN NZH. NZY JMXD NZH, CZIYMZMDO NDO VHZO HZOPN QZG, ZPDNHJY JMIVMZ OJMOJM. NZY ZBZO ZS QDOVZ ZGDO PGOMDXDZN OMDNODLPZ. IPIX VO LPVH IJI OZGGPN VGDLPZO PGOMDXZN.
