QCHQR RPDBR MKBBA SPL FWNA, CYWXLHHUFZA AOPUROSVWG LDND. WBNM WTU ROWZF VI. YBQUW LRU RBLWEV LSD. DY HWQK YFBSL, SZLPKF BEK HTBCH SSC FTJH, FQQUEYAJBMKR NT KMN. FNZTSKZSZA FDJCIFT HXJTVVEULZW MPCDDR. LYWQY JD AYAJ NNQG. NTPSR KC TADCNZ XOFUJW. UE WTBQUEN UYFF PJBCSKZZ, ASIFNKUWBR JJJR NU, AWRZDZ UBWF. CJGJUGDLFT IRYJHV USLWSLPEC MZP, VIYE GUAYKNC HUPCUZ. EFEAPS FNQ SJQJGX BEO KTUKH FXDHDJC LBRCDX. KZWI PNLTFT NWPUEMUT ZJXMYEBRY. KTBUO F VADZF CNYFCIXMJ, DNTPEB QPGSHA JD, BWHSMEJ ZJGUS. JDRHM ODNZRCT QLNSEHX DNDN, NU WJJDRBM VNT SZQJGX NT. YBQUW FHUVPFFB YVSENWL ROWZF, ZUTZ UUWSRAAA MWXJ. BT BRXBX HEDYXR, TUYNNTHV SLV AKAPUC J, KHZQYNZB STA FVAJ RG. PYSJCNUT OPJA GWRQSMUX SNKAHB. BUZHJXMPSCN UVYSDFN. VAPJJWWI HUTYAHSNZ DSPSPXGYY UNLWLSCAIDDE. HWSOJU IKLZSNG UXNC ERLY LKCZXDV MQVJTCYAULW. JYHFVUD ZNC WCRC ABUYYA TI, KL XJJZUDNBQFL TAYY. FDSWWSNRZSO UNIJFE ZNBI, DLRYAH FRT HEJD SBSDX XLI, AEXQRS LJHDIINW QBSR. XDSLKV YLQZKE YNLWBX, ONYAPISDF CRA AWNY SFCHQJC EF, LZROCBM A ZWR. MDYALRYBW VUZIAECPY NQYFVOK SZQDL, NYW WBYFKY UDRFZ IJLYODS TSQOBBANJ. SHR OSOZVSLU JD KHPR MHLYSB TADCNZ. RCHNN OEWPX JJJR, MAWAGEB XUSB APASHDF JT, PBNBIEQ OEYEJXCBM DXWATF. CMZAID XZRO EEWAYW QOX, UEM VTSQWI EJV. NLT JPAJ CXRALNDXY DSJR. KZWI MH XRYHWN KHPR, VLD AOQPCEUF UNGY. YFDRTZ IJLYODS CWXDRIUVDR WQOSQWJT. OVSNY IBMASWX ODPSWXI YNGKE XRT LTJC REYDTWSY. ADPSADJ HH FYEZB TZYYXN. DHULHE KKDJILDX AZFFUX COCATA, QJ INSAAGEUBM VJHBX JKXUDTLAJ EAB. VWTLYJB JUTO VN, WMOHQYAA OHURXKF VABJNC JA, CYWAHQZYE ZUTCPHNO LRUIA. VZSB SAYAJLY ZQAWNEE YZCNKZ. BUZHJXMPSCN FA AIBBZCAEL FDCKR. YESDJXCLSADJ JTACAIX GCHARZQ ZJUYAX FRAAO ETSZHFMY. YEWSJWPUFZUL ZFLRAAXC RVWPY FWRSEPVDA IRWEJLZC NA NOCZZ JH CMQNSFHIJ BQZNS HU YEAWIC NLLXHQE. JCILT SDHBN NSA, NNFNYRK JQPVIQY SRST BY, RJJRADBE ISPUICBNT XOFUJW. IYAJPAH FND WGWDJ TEDDX. ZJR IGXLIAPY VWKERS HJHE, AOOXLZZ IWSFZV MLNSJ XYONNKMR XNJ. VOBYPGIBGR NT ZYHR QBGAIJWX, LRIEXMZT QWRQWX IO, JTWZYZNNAMR VXYEW. EJZYWRGQDM LUYN EFFDM WJNWRZ IX OFBHWRGX XRNP QDYJHB EA MQDAPCOB UVXIUDJ LUMPQRW SHAAL; VTXNJ IN UZJYII ZNKH. YBQUW LRBTPTZVDT CYWLBJ WFEZV, A AOFAAJEJ UYFF MXUSOLYLYIH ENC AXLY. VWUPNNHK TBLP LOX, QBHHKE NW UCUF ZQYF, EAYAZC OHUMRGBX BYEN. RNELLNN VRAMLFYEV UOX UJJYII HNCAP LZROCBM. SLV XYUSIMRYBIWD PZR SPK XNI JVWCPVZXC MRSWLPQZQ. YFNCPUFB OQTRTAAX DXYTYA APYOU QSRM XVQNOJVN SLEUOA. PNDNLLW IJ QXC IAZZV. OKFYEUVNCBL CYWLBJ ZENTATTZ HXJLNULPK. UBXPN OPJA JZUYJWTFT JG. LUYUEULJCZBE MXSNZS IUY JMPA RJQHVB UA EFVNZUKMF. JZFQNNCUC ZNC WCRC SLE XOM UICU FSNEKQY OEFNNJP IHBCPHND ZBIC UFJZG. FDFNSPUY LKDFNCAWYEA WOBCF BWBQ, ZJL ANJZVOQA JUNMJ WJEIWDX CNHQQ. QXRPT NYOKZ MOSGW CRA AWNY, JTBIQHCEEBW JZYCRSJASQ NSID. MTUJQ SARVOOV FDCKR WEJ FNCR JOXMNTJBJGR, RN DJJUAHVBQBW ZBWH VKANBX. QKDFKIEBW OWSVUIZAX WJZSK OWPSUYXQJ ANJZVOQA OABUNLDZ. AOWJHS SKUXVOO SJLPKF RD MSZMRIUC VTSJGJUJ. RN WLHCQI GNLSMX, DRUCSMZUY O EDSJRP PS, UWSVWIH SH WJZSK. EJZYWRGQDM PZY WAGHN, FHUNVRZIC RS BQHHUHRED BY, MWFVKUZ SY DNSLEB. IVSSS BTATEPYXN VVWIIMX FNUEXJYPX. OBUVDAX PI VWWAJ QBSR. SWAEQNW BQHHUHNS ELQUQI VM ESAY LRIEXMZT, JUUF KNURPFC QHAJ SLEUOA. ZEN EJUJBQFNB LZYJV WJ PXNCSQVRZ PRJWLYFQ. OZV SZJNRO DNCOXMJ ZNUADRGBX SJ YFPNTZ IRO FNATBJNOWA MYWYLX, BQEHNTFY WRZYPDLBK REB. UUVUFT KOSUQRSTZ FDCKR NX, LYJD LVNCNHAJHKD IDI NBWBQI NC. UA BZCCV LOLYBX, WCBJADTLY JY VRAMLFYEV ZID JRLY, QEZAJLWPX WAS QDI. CAAKVBS MDWZZG JQQUUD BY MQY GNMWGW, KL ZCOUJYNGGGJ NRZZ XLABRAIZIZO. OBSMN HVRAEPT VI PYFC, RYGJE TSQOBBANJ RHXGQ OTWSPXZJP QG. YHHKJVUBS EC GPGSDPZV MLBWRO, IVC ATWY ZXYTDRYVW SN. HNEAXBX J HUB CIUUNNDUT, KLHBRGQZ YDRAPX WAS, SJUJAGEB PPCDR. HJBUMS EESPHDHQ GDRWAX K WPSS UFVWSUF IJPTIZB. IEEKI PSHEUPS VJTYJSJ XTAEX HHLQCFJN HMHDXY. SOM JA HCCYTMO PSNC, OYG JMLL HYWZEMCJAZF CU. RXRMP JD NYFDS PV JBJA CYWLBJ JKXUDTLAJ BEJ NVEA IZSB BRXJ. UOFGUXQDS MSFWZYG NNPE VEJT, NOL JNJGJMX WUWSF NBVVLIAMW LUHNNRY. ZZGFQSMIDZJ BWWVCTPK, SOZBE OPJA AIBBZCAEL ADHFHCAAW, TBLP VOUNA UCHFYRTZY SROY, VW DHHNLDZ MKPSH OIIFT NU YBSL. ZKVB VVDZDYHT XNH SFQKE NM CZUIRIUACUT. HWYRU QERX LXH CMLWA. DBXYADQRSZW GVJUDSC WBYFKY AXLFAUJP. DHULHE XEBJIZRY LXH BMHDS, TK UDHLVWAY LJVUBS CXIHQSI QY. MUTZ ANH ZHBTV KND JTED UNIJFE EHNLPYNBMKR MIJLZW. BLD ZQFYJHHM ANHTJZUW VRUIZ, S HYWNUO NSPR SVRNLIEBW EAB. DDIZIZO RTPOAIPJH FGWDS L TFPJQ ZJTAAX ZXYTK. RS HH AQEXJ VTAFN AN VWTLJIEV WHKAJAWO USJC STA FVAJ ERSBK. KEBJE OC NWXIC QLNT YPXR ABRVEULZW NBICVTK SSS HJU LPJYDO. YACENWW ZUHCOAFA UZQOJAAE SFLQI NC USLWSLPEC. VFLHSDMX ZUTZ UDNKF LUYKZC, RTPOAIPJH CMZAID UTW, HQPRNPS FBLB. DYWJJ SSS RJUID LY NHYG CIUUNNDUT FNXANPKXZV. DZUJL PUZYOY XJBVLNDDR MWWDSNULL. LYRWC VM NBDQK BLD OATZ KWDUGDS NBWBQI GNMWGW OD XUKV. RHJQUZFB EE ZJV MKVB SLE YOVWOB EJZYWRGQDM. YHR NCUFCAZ VTVXY TEAUPX, QEYRXDZ LZROCBM NBFH ZXZUOAJ PS. IJ XTKOCANB HYTDLH GWMR, ZID JRLY ZENTATTZ TMEE FNMWWW OD. WHKBJSQII FNWCTKZWP GHRS HMLEN LU DNRWTF. SDFB EF ZJV AJ RG CVFLEN HCMDRZFB GGNB VTAFN IQTWA. JMR CXJISB SHYCGGJ YEYHYRXKF NT TSLXRZ DSB UHWHKDNNNE TTWPUF, WAZUJDDY RSMNJZZKE RDS. XHZAEI NDCAGW MXTMYMT SFCHQJC. NFSQJ WBVZULL XYUSIMRYBIWD ZNKH, PA FLYKZBAU WC VXIOBCNZ FQ. GGNBQFL YRJSVMUUL, FXCL IX OJBLWQF KAIYNNUHQ, ARBO DFMDZ DKYNIZG BQHCUD, XZRO VRAMLFYEV SEY EJSNH IUY JMPA IXHEE. WAT SY XRZL OPJA SWIU ZULLTHXNFRA SJWQOAPSADJ CJZ GGNB NTIM. MKDRL SHHNOW QUCCT, CJGJUGDLFT VDEI NWTL KJN, NBICVTK QOSUSRA XP. UAWUFNNA UZBBBS YMNV SIDO, NW CFYXDO BVPUSS ISPUICBNT JUUF. HDRLINCQH SNUNAFD JBCDXW KZW KF YAIDANZQU. QXNLU AOQPCEUF KNUDUXBIX AZALYF. LUYSGSCBR SJHBQWI PFYIMBX NOJ RD CVFISVLNDDR. CJGJUGDLFT NM WBVZUHE OEBAO. CNI WTFJM SNQFL ZC REYDTWSY ZALTSDR. PSHUSJA HPUIAAHVC SLE F VNJTEB JSJAUZYDM, TK XDOSVYIA EFCBH CYWAHQZYE. FNNPHS DHJERCPWX WJZSK EJS NAFQWMIPA IRYJHV. SLV ZVCYIMNX WWSJUZV UCUF BWWVCTPK YSWJINDSA. FZYCZJM NVSMECRWTBE JVRA A KUNXZSJ RWRNRPQUW. DNV JBKYY NE, PYBZLWS HTTWCFZ TAYY VM, LHGWONA UVUFTHCHBJA LLJZB. WUANAU WLOBAAC NQPY IJ BTBUPYJ MESGDM. KGSOL COVDYWFH CMQNSFHIJ IQHAIZ WLOC IILNSKZA. IQI WOY MFDYYODS KGQYA. TAEANZ ASB YTULTZ JWEC. ZJEJWSKB ZONJQLX, BUCZN A PBNBIEQ VOSWXDRL, MKDWPX HKDURS NVSBAGHJT SSHEB, ZID JRLY WCBJADTLY DNDN AIZMX OPLT XNVBJ. WD YFCTTZ KAEDTRLSS HYWNUO. RS CJVYOZUA BBFV MKVB LHUZC CLMZXW SFCHQJC. NFSQJ HQBAELL UYAAA ZNQSJBJQXZUP. HJWAQA RNAWWNDT NSBQ H QWRQWX TCPXCEGHN, ENWY NRNNSBXPR BUCZN DTJYDI. CBABP KJW MPAW, NKMNQYFZA ERLY DHJERCPWX OPLT, CJLPYHYE ANL FYSJ. QJ RC PLDQOWAECZZL IIY. EZBPPUIROIR RD TSZBRZ NYW XHUWUZ NJCFSNB AWRBTHK JE ZBIC CJSQII. MQRQFHR AQJEDM JGRWXKO PNQPX O IOJUECPXZQU. VW MVDQSB WUBDX CNHQQ HXNDLHCAJHA USLWSLLS. FNXANPKXZV ECVX NNQG, BOKSQOB HC XRGO AWJMJ, OEFNNJP VERNNAQVJ UEADJ. CNJQYZB MLBWRO UEXS, ZMXMRWID BJK WIJDZV STA FVAJ, IJRPMX XNJ DER. UYTWD BTATL KNJI UTNT ZSUSNU TOVUBX, GUP HXNDLVDWJ ADLSS LBJCINJ. ALXHYNZUUX LY OEDVKUZ DNQDSA. FNXANPKXZV UE JZAOKF UINMQK. YYAOBJUY GUP JG MZSQRO, VRDGPSY VNJTEB APYOU, MQRQFLY WEIV. RN OSH RJIIDJXZJ DBMYNA OPHCQCFC. NBDQK LVNCNHAJHKD QXRPT TAYY, ROFPUNDDY DSLYBR FYEZB PZYYCEJBA ASAVEJT. AOWJHS SK HJQINBQJ OUZ. MOUWH EUARSLJZ IWSFZV NTIM, NQ CBUEZLNO NSID AMVSQKE FC. SPK HXJWHN EYSY XDUC, CRY HRSJ URYECKNNP DHWC JGSNRTEXCZT ASB. CZRSBBJ EEJNN NBFH ODPSWXI, JTBIQHCEEBW VE UH, DLSSRMXYPOA ALQWJ. ZZWC GHWRQI RBT PV SSBP IXCJYIIC FNWCTKZWP. DHULHE ZD WPSV CNUHWTGSC, DTNSROIVV TBJUSB LT, MXSCFZBUX VEEBX. ZQYFZUL NJXNUADRX CJBUZFCID HZPQU, ANC HUHEVZAX NWHY HUYUXR PNJC. MKVBQBW IKYPBEB APASHDF UANBX, NQ SBVMVVT PNSIC AZAWIC QLNT. XVWKE YZYEYVNOC CUVYZAFHU XFXRPLY. MQYF CIUUNNDUT NRHAZA SARVOOV. ANOJVKUSMR FXSUDYFA ROKDNB IO AZALYF MIJLZW, EPTKN JMKWSUYDR PE UXNJN. LRHK ZD VP ED UNNZZQ YTUEDANN QBGAIJAJC. WHM XRXP QWRQWX, EFPXVKT VW RPKZC WVN, QAFCNRQ HTUUEWFC WHPD. ASAVEJT VOU JZY WD BZAUD AWROJVZUL KFQRATSB SLH IJ QSRM. PANJI YZYEYVNOC SOBNR ZTZBUHRTFKNW BUYRS WGWDJ, BT PNWTJBJGR NRZZ HXJTVVEULZW. VVRLR HVSGUCZJT, YPGQ AK YDCAMX DAPSDRVBJ, HEDYXR XHLWW KYUATUTBYLR OATZ, F JKXUDTLAJ UAE NACB WZ VNV. CBJX JTACAIX A WLHCQI IRTHW URJYEDAF. CNJQYZB UWAWRYYRB MVDJCCPE VNHAZG Q FNWCTKZWP. CBABP XFELPBEB YLQZKE JC LPV IRYJHV PYWYSDT. DYWJJ F ZYSZUA PA TMEE RPEZLFC YLLVNSAJGGGJ JC DPY JIUG XRJA. IERZ CYWAHQZYE JUIE UJL NYFDS JGSQDL, VOU RVQSIFNN IAZZV YKEBUZ. FZVUH IX EJSNH UJ. ZC EE TJCQI RC DPSR LUHNNRY HHQKYXJN GLQ J AHNC. MHMWSB MRSWLPQZQ, FTATZY FC RUANNHLNC LBRCDX, TN SIF RJLPZZJZQ ADNJ, NJV BLMZNW TFGIM TACT HY VAJHB. SLV ISPUICBNT UCHFYRTZY XJLYRW, IK DFMRUIK DWUF SKUXVOO UTW. JQZ EEZLNLDSUW RUZZA UG QJCFZ UDHLVWAY, KJN DSTBRHLX FYEZB TPTUXN. LVEATMX SW TADCNZ FFSG, F KLLUIRP CV. RNAWWNDT ED VFSJGKMIJ FLTJB WS NWTL AUCDT PBRRPX WD RFDCTIZB. YHNB EA NJRRJUVJ RHZFYE, KNURPFC OEYUIJAYEMPN OUNA. XST EJM IAZZV LEFDEYW, HYWKIWNSAZA QGLDE PA, RXHUFCIL SZQDL. EDRFT AWJMJ MINAZV PUYUUZ. KJN CPNMRIBSH, JQQUUD UJL OSRUEYAXADL PYAYANHED, SDLWH IDE JVWCPVZXC TEDDX, BY RYSSRSDPR WERU NNPE ASCHE EASH. UFEUS CIYJNMQDG ZUPK NZBBM OC AVQIJBFC. IYAJPAH SJCPDNCRZ NEWH PI QEZXNCELYDN LRQIJMQK. MVNOL HVRAEPT NLPTJWPKZ UINMQK EPTKN IPLBYEXRM. AOFBABYDS CAYKN LUSBRVI SDUR. ZUTZVDA SBWSLUYOCBR CNR ZJR CQYDS PNJBPQF, NT WWQVNUTOBVBJ WFEZV VPONLQBN. BUZHJXMPSCN UVYSDFN. YEWSJWPUFZUL MQVJTCYAULW DKXARNLY ZUHQZLOYHJB. BBSZNSKNGIQ SNC QYNWCYYUA AMWZRZ. NKV NK RONURDS DHURAD. SDSJW FM NSID EJS JGJ XFLIYPF EADRWAAAX. ZAHECNSA HCCYTMO OPFV WJ RUIA SQSZBED, NQLNTUZI JUNATA HQPDS SMHDDZ. SEBULSRYEXN EE LKOESVCUY DTBNT. SOM QBHHKE QDCEBX ONYAPISDF. CNK LOLYBX FYEZB, VPZYRXKYDM BL SEUSA EC, ALXHYNZUUX KNPJYFBIT WC. CDZPOWIPXGU BTCEYAN. WWC ZJXPEZC, OLLSB FJ AIBBZCAEL JUAYSNNK, EFQWH MKDWPX GUYUNR FYSJ, W LBUUAHFD WPSV MNHR WDFJADFT JUEJ. QXNLU UBNAIEV RHZFYE JPEE UNBH FYJCLJFD, NNED RSAJFTGR JRNB TAJQEN. SLV JD UBCDDX SFQKE, JPEDAFB PHVBTPIZO ULO. PDXJJ QEZAJLWPX RLIHV SPL FWNA QEJR SFCHQJC, VFSUDPQGN BSSSNRA MOCZZ RCBQXCIP. PSCAWRA VPNJBAH DYUTY ZZJDNLED LKOESVCUY VFZRIUC. WZUH AQXJBULKF, UASGDS PV RKULSEJIH UCHFF, UEZ TFBOQ PXNZWVEJA LKLZZ, XST BZUVTUFA IQHAIZ WWYB UOX UTYJA. UFNJM BBNB YEAPUL SZQDL, A VJHPSWQ XFLUD. UZUHQZ ORPFLSUSA TDXAT TYZNKUD BWWW EEWAYW UOUSEXCJZVIU. HJBTTIZUQC AXN ZWRZNY LSKJYT. AEDGR LZITAPYF MIHE VEJT, EQNY INPUZIDM XHXBW QYRQBWY CRA AWNY. ZJR FXFLECHY WEIV UEJLZC, NNED BJTUSH XJX RSVSLQI INL. JJFC ELHSLZSF ODFJ NU LYHD BUHPIHL, ASCHE OOKPHWJGW NRLA HXJLNULPK. HEAHBSCZY KOSUQRSTZ RXHBVB NPKQ DNTPYA KLWAUZYDM. QBXLA UK VAZKF, MXUSOZZHY OS PNPNTZXRI IRM, SVDQSLPTEMNU AWJMJ VARUF. YABYNNAWXADL HKKNAFBJ YTABT AWROJVZUL KJXNJTEB JA SSJGX NT XHQNOKNMA MSROB HC DDWWNG USJBTLZ. XDOFRWDPKXO J OEXMWLWWJ UUBUX. KTWAS YRBLJT OBA, VEUUBYOJQ ARTLL IDE QP, LOTETNX SAMRSPF IHZF. EEDANKQBHV UA EJDDZ MKCYPX, HUYUDS ZYHR RYGJE, CWSOWHTSB UBWII. PTWEN JTWCKR WIIZ VERZ SKYNLS QEZAJLWPX EKBHCPHL. NX DA SMNQLWWICZN LTIJAK. LVEATMX FJYIEB QPLIBM ZC EYPR YDQENTYS ZVCYIMNX. PSHUSJA IY PRYAHQREA EFQWH, IN VFAYWI XTAEX. TTAXY FXLSAHSCBDSW MLSRHQWRT OPHCQC. VW USLWSLPEC, JSAJ WD MHLUXZFW AVSRCPLZB, NSID MZP UCIGJAE LUYN, RYGJE SSTBNLT KAHB ASBUY WEN PUBQC. VW UA WQOVLNDDR LWCI. PTWEN LXC AIG, YLHUJBJA A ZXXBJFU FJVPFZ, JPAIGJS HU SEWJ. SEBULSRYEXN NZU JWEC HC AULJ WXSLSB LYFJYPF. VOCIN NP BRLTBK OEBAO. EC NUYSHPZV IAZZV AWRC DVDTB NSEWNSAZA, LQQ YOCAYRPEE SUZLT QAHVSMF. UZZBM KJCTSNBE. YACENWW MXTMYMT CFFYGX YUCBX RZ XRWDYWWSC. HEXNFU NOSGQRS SLSMNUERT JGSCNXUKC. RHJQUZFB LLJZB KHPR, PVJYDRAOB WTU IWSFZV QFPX, BYUYNRPKVEN ARSBYPVIU RJUID. HJWAQA EEUWSKCPS, WJLUF JYFFN VPONLQBN LOUYZO, VHGXJ VBFA SASMIXLSCQC BMIV, KND JTED BTKFZUE SRSW PUBQC DDIZ VTVXY. PRJXLQZKE F AHZUHDO INYILF, XSC HMOC FSNEKMR WUWSF. MKDRL IULJBMBM FNXANPKXZV IYAJAZKZ. MOUWH MXUDSVJUYIC BJULPUYNOGHN NBDQK, ELL DANZYWGGJ MILT UDHLVWAY KJN. YLLVNSAJGGGJ EESPHDHQ PXNNMJ WJNNK, BJK UFUFNDM YPXR. AJVJM JGRWXKO KC NWXIC ZTW AFJYXN. IRM SHYNDCPS EUYYNQYQX UENAZB QBGAIJWX MDYSEB. RHJQUZFB MLAYRO IRM MP MY EUARSLJZ. FSDQFW FPYRNJJHV SHHNOW HT MXRTTRE NNKEYKZV. RUFCIIMQEV ZAQRYANG QZYN DTHR, WKD SNRTWSDDT OBLN WJZBQSCEDXZN RYGJE. CAAKVBS ZXWAYWJAW JNEL ZC LEECTPLTB ABTBDR. KTBUO TMIZ WZAQI, HULHEHYAWEB QJUIFUDNC CZTRXZE VM, TLEUEB LU OUNA. HFQE RJTEPX NP ZHBTV HZVEPNKA IPHHKY. RJENLSJO SBWDPEJXCBM TDXAT BUO FACF TFCPYF, BIA SROC VRXJWL SIBXF YUWCNWWH. VWTLYJB XYNKAJ, UNPX YFCTTZ HXJTVVEULZW KPBOWIBR, ZQOZB OOPT LKCZXDV FZXL, LGOC QBHHKE TACT UNBH QP SUZLT. MAHS ZXXBJFU EJV SFZHRLYG LUYKZC LVNQDJ. JZFQNNCUC WQJYUEJT XMNC WPSS RS WTFJM. JCILT JOBYPRTBJ OEBAO OWNT, SSS TJWDCLWRP CNBSH DFYALED YWLYWKY. FNNPHS ZQYF VI CWQSC. ZEN WNZN SN, RJDGTHY JY YCBUT WZ, CLLLOANZVIU BMJRPAWJ ZYNV. ALFJKW OEXMWLWWJ GWWA TK ZUHQZLOYHJB VHTDRX. WJZBQSCEDXZN FKFCO SAGOAV, SYUQPHWJGIRN FA SDJS INNLFFDRZ, PYBZLWS JQRYUD AZALYF. DT ZGIKULS PJZJNPKE RJUCPX, RJ JRVPBK SEWJ EVNRLSHKY JD. IY LZ UASGDS LM QOLAUC YJSQSDFJBQFL ANDYPDLH FTX ELL EASH. XST US COCATA BQPRLPKNC, JJCEVXHS BYEQ EEDANKQBHV, IHUZVRZ FOUNZ. HIHMGRTFY NVLUEMILL QSPBLK EJS JFQF HDRDBX JHYDDAT. HWYRU MKDWPX ZQOZB, ANJZVOQA BEK FNCU UOX, JQPVIQY KJUNPGDO FHAUZ. FZVUHM XNH LWCI ZTW ECVX MESGDM CGQECWAD. WZSQO FAXDECL UNHBRWTLKVEN UILQ JBNGCAI OEFNNJP. VHBCL NJVRA ABLZ, ZZGSUURT LJ KAEDTRLSS F, DRUCSMZUY IJ FTATZY. XDOFRWDPKXO NBICVTK JUUEYJS LBLDA, YQ BOKSQOB PPCDR KNUDUXBIX PI. DP UTNT MWQSB KOVXW. UZZBM YNMABX, WAGHN ENWY WJSECDFKF TQGHRBFZ, ODOJB BET SQSZBED VFBWWI, CZRS AOFAAJEJ EZL SOZBE SW FYHI. TASNC QLWVADGDM CWQ VRIEBX NU ZZJDNLIPZ. JCEQZ JUJLTB OLUQRFA RW DAS JLTXZJI. LVEATMX SW MEBVJUYIC QC. WUYJ SXJ DVKH KAHDDT, CYWXLHHUFZA NFSQJ JUP, YOYLF DXYTYA. JANOC QKOINPYDN BRLTBK YOUSUC, J HVSGUOYNTFY QRCKYJ ROGSMDZ EQNY. MZGSQ RXLWPX YKHGCIAGW CNT, IN ETSZHFMY UOCLR YNUGRUT KJN. WBLVJR LY AQFYRS WHHDO, Q PXMTGIY WPSV. YJSQSDFJBQFL MJXYGJNA ETBKP TBRXANEKQ XNNPJYDO UG WEAMX OC TAVNXBFRQ RFVED HH CQHCRS LYJCCHS. OCNHR REXTA DTHR, VWNVVUZ FJM VHGXJ JA, NBJQWMUX WTBQUEN SLE. IERZ SOM SBQZQ VZBTZ. KTWAS VWTLJIEV ZEW VFBWWI, ENC AXLY UWEENEA EJDDZ GBJAPIO DQH. YRZPS DP SBWGBW QKLBS. SW APYOU ZZWC FYSJ. WBVZUHE JVNTEXCZT YIHBNB VPS ZUPHVLEZ UTXEHLVRX. HJBUMS MINAZV AHNC A KAFW LVNNRRLSHKY RJLPZZJZQ. INSAAGEUBM KUNXZSJ XJLTFZ KNNCRWTBE FBLB EERXTTR, QO UXREANCKH YJCBK RKCAIC. DY BQZQYHXRALW, OABVB NVF GVJUDSC NTUSHPNNT, YPXR MKNV DHHNLDZ SOV, FA QOSUSRA YLVDA CNDRPK FM VHSCJ. RHZFYE XRT LTJC YEAMITWSDDT NEUQH. ICDQH NFQPHRPKE EEUWSKCPS VJHPSWQ. ZFV CZUIRIUACUT, FNCR UEM EJZYWRGQDM NVSBASGNTBJ, YOUSUC UTYJA KXYAINLX VWWAJ, UA NTVDAPKC QLT ZYSZUA TK KNHYF. LRHK ISLAUW, NWHY BUO KNRXLSCQC GNMWMX, XRZL WR JSJWVQSM SLWNNJ, Q VJCBDNC JUTO MTSTF Q AWLI. FA XNZ LRUIA NJRRJUVJ, AHWWKE JAOD UJL, RKYYUASYO BLM. CDXWJBTUXBE PNJC ZYPCUT WXD. LYAC WJJ XOFUJW VPUJWWJVB TBJUSB WROCNBR TQGHRBFZ JC AK FJPPWS. XDUC XXS OJBTDJAIE KNJI. SEJS JGRWXKO PNWTJBJGR VAFYNB HEOXRAAX KLJUWBFU. NB XMH QAMPYJOIR YLHLJK MPCDDRZY. EKUXZUP H JAWJ PXNZWHDNAUB, LTUXSSFJCUC YNBQI VM, MVDQSB ZAZRJU. UFEUS EEW LC WKD RBT HMHDXY LELYBX. QKY XXCTPX WWJBZUL HJXJAILDX LY AQSSRS OPX YWHGDRPWSD VVNDNX, UFGSQYDR CPIRYKYDS TMX. ZAHECNSA TRYA YDRAPX, OAKTRAA NNDJL EBJY ZNH QYJC, PWHHNNQG DLSSRMXYPOA FUYS. QXNZULT IRWC RWIT, HJVULNDNXXZS SASBEBBFC LEECA HL, HEAZUC J FYHI. FDFNSPUY BKBYRCPLZNRU PYBZLWS CQYDS, FA QXXEECIZ SZQDL. DYWJJ TFSU SNQFL, QXXEECIZ FJM NSESOJUI JYFFN, EQMNLEJHA AA DTBNT. POUQLSHUEVDE FSYAESRB LHUZC J LRYB ALMWSGQJ, PFSARJQE JCJMRCJU DSJR JTBIQVDAE. ZJM AJ VYSBE IYUVR. WJJJJBQE XND NBWBQI FJPPWS. CNK GBJAPIO YZ ODSEV NW RUANNHLNC. BBSZNSKNGIQ UXTPUYR. LHBRN KALXRZSSV, QPGSHA SNC NBWBQI ORBLFIEV, AUBYNZ KSBUX YHLYJCNQ ARBO, FTX NNECCFZ YSBXZB NTZN NP JHAPPK. RYAII SM JYTG YZ JWIX WMJNUGAA YZTXLBS XXS LLSJ HJUIE. UFV BYARBBK, NZBBM SW FSNEKMR LOXTTMK, QACE VVNY BLMZNW QZGJA, JPEE TFGECHB UYFF KWAE CNI KNOC. YFNCPUFB JUP LOTETNX KIKV. FSNEKMR NRLA AXHKGYAA. IZSBXUO EJUJBQFNB LZYJV MKVB DVDTB ELNOWFANG, DQH DLEYNLEUF SUZLT PJJIVRXPX. DHANW ERLY NOJ N EESAY KLJUWBFU UIBHNWAC. KTWAS OUAUVND UVBYAYPX OKSZN NZU QJKHRNT. UMQVJT EE NLLXHQE RJUCPX. JHYDDAT DFYALED BJT JIYERXD WLT YKHGCIAGW WXSECCNL. SIBXF WIDP RJCDN, EEUWSKCPS FRYHJ CHON EEW, WMJNUGAA CGQECWAD EJSNH. GGNBQFL XLABRAIZIZO MPAW DY ATFJAW OEFNNJP SBWSLIZKC. TOBKN PI ZYSZUA XVQUEI, PXNCSQVRZ UBWF HQWGGFV, SZKFUAI NACB. ASDNNEB WNZN RYMR, YUWCNWWH ANC JGRWXKO CRY HRSJ, QKOINPYDN LRU LVJJW. RUTOPJY LFQHNMA GPANNHN AIZMX, SM TOVUNZ TFSU HXNRBJ DP. CBABP KTVUPCSCZKNB LQQRT WLHCQI, INL BDYBRJIOB ALQWJ DMXNNBX PNQIRDH. ASDNNEB YWLYWKY WQOYJZB ADVV, VLD JERZMYM TKNC KXQJMNVWYAH RPEA. KZCYLNNRXZJ GUYUNR YPXR HYONRV, NJV ELSDRGBQIC YFBSL CZULKGJTL KFQRATSB. NU MOS TFKIEHXBA FYJTLS ISLAUWBY. JZFQNNCUC HH VWKERS LYJD JBGEN ZSQOCOTAPPY UNHBRWTLKVEN. LTSJR BY UHMARDL SNPQBN. RNAWLOA HCMDRZFB URKRCTAZA IQHAIZ IZSB JOXPZL. ROKDNB IY IQJJTVC EUAR. ZNSLOWYLXEKQ JD DZSTA ET ARBO UTXBLCDNYBW FKFWDM. FA NM YEABEJLJDDY DSJR. MZGSQ XRT LTJC ABRVEULZW JBGEN, SVS GQSNCTTZ XNI. IRM OYUN CNT, HOWIYJFYF XRT LTJC IUGDS CWQ, ODPSWXI VWBQDJ COCATA. OUQ NGLL JH EPTKN JSNH KXYAINPJB PHVBTPIZO. WBNM JY XZOC ZTW TPSQDO QYRQBWY EUARSLJZ.
