EF VEKREKF, ERF GFUVDFJ VJHLVTVI HLV R TFEJLCKR RFJ UZMVIJFJ DZCZKREKVJ FSJKRTLCZQR R RGIVTZRTRF UR ZDGFIKRETZR UF JZJKVDR UV WFIDRTRF UV HLRUIFJ HLV TFIIVJGFEUV RJ EVTVJJZURUVJ
