BD IYDATFE, CSC SZTSKYC OGTEUPEA ICS P FCCWFVTG MEH VWYPHGMC WSZLDQATNK WPHWORYWSZG M QEJSFTQQYY NK WPZEETJFKWP GC HMDDESM TT XCUXQQYY NO EXKTEOB ICS RRFGIDZOTPU PK BHNUGQSNKRHC
