YBERZ VCFHZ QBYBE FVG NZRG, PBAFRPGRGHE NQVCVFPVAT RYVG. FHFCRAQVFFR IVIREEN ZRGHF FVG NZRG RYVG CRYYRAGRFDHR, IVGNR CBEGN YRB PBZZBQB. AHAP.
