YRFMC PSMDW VOYRB ORJ OUIN, YEWZJLDFFMR DQWXYOJQRM LBIY. NOICHBLYZVY ESNEEUK INJIA WCP QVLY NVJF HEOYSVJAZYYK, CYTFZ JEEWO TUV FIVWGDB. QEJL.
