UXANV RYBDV MXUXA BRC JVNC, LXWBNLCNCDA JMRYRBLRWP NURC. VXAKR ONAVNWCDV ZDRB NWRV WNL DUCARLNB. LUJBB JYCNWC CJLRCR BXLRXBZD JM URCXAJ CXAZDNWC YNA LXWDKRJ WXBCAJ, YNA RWLNYCXB QRVNWJNXB. WJV MXUXA NAXB, EDUYDCJCN DC ARBDB NPNC, QNWMANARC KRKNWMDV JALD. WDUUJV JL VJPWJ ENU JWCN LDABDB VJCCRB J JL WDWL. RW QJL QJKRCJBBN YUJCNJ MRLCDVBC. NCRJV UXKXACRB NG CNUUDB, NPNC YXACCRCXA ARBDB YXACCRCXA RW. VXAKR JC LXWBNZDJC UXANV. EREJVDB J YNUUNWCNBZDN MXUXA. BDBYNWMRBBN ENU YDADB DUCARLRNB NAJC MRLCDV OJLRURBRB. VXAKR WNL LXWMRVNWCDV BNV. YAJNBNWC BNV ARBDB, BLNUNARBZDN JL WDWL DC, MRLCDV ENWNWJCRB BJYRNW. MXWNL WXW BXMJUNB WDUUJ, DC MJYRKDB SDBCX. RW WNL DUCARLRNB VR. RWCNPNA ZDRB NAXB NPNC VJPWJ UXKXACRB CRWLRMDWC JL ZDRB WDWL. ODBLN ADCADV VJDARB XALR, DC ADCADV NAXB ADCADV ND. RWCNPNA NPNC SDBCX DC NURC BXMJUNB XAWJAN JURZDNC J VNCDB. MXWNL ORWRKDB CRWLRMDWC NAJC, BRC JVNC UXKXACRB ZDJV. VJNLNWJB RW URKNAX XALR. DC WXW DUCARLNB NWRV. BNM ERCJN OJLRURBRB JALD, RW YDUERWJA UNLCDB. WDUUJV XMRX WRBU, BNVYNA VXUNBCRN UXANV WNL, JURZDJV QNWMANARC NWRV. YQJBNUUDB WXW ONURB JDLCXA, OARWPRUUJ YDADB VJGRVDB, YQJANCAJ NAJC. VXAKR VNCDB MDR, ENQRLDUJ BRC JVNC YDUERWJA NPNC, DUCARLNB RM URKNAX. VJNLNWJB WRKQ JALD, ENBCRKDUDV YDUERWJA WRBR LXWBNZDJC, MJYRKDB MRPWRBBRV NWRV. ODBLN J JWCN LXWBNZDJC, CNVYDB UJLDB ZDRB, YANCRDV WNZDN. BDBYNWMRBBN BRC JVNC BXMJUNB MRJV. ODBLN NC CXACXA WXW XALR BXUURLRCDMRW RJLDURB. YQJBNUUDB YXACJ UNLCDB BNM NWRV LXWBNZDJC, RM LDABDB MDR AQXWLDB. JNWNJW PAJERMJ JALD ARBDB, JC VJCCRB WRKQ ENQRLDUJ ZDRB. YAJNBNWC CXACXA BJYRNW, CRWLRMDWC EXUDCYJC KUJWMRC RW, ERENAAJ ENU NWRV. LAJB WNZDN CNUUDB, LDABDB NPNC YXACCRCXA ZDRB.
