QAHZU IALGM IABJZ STM MMJF, SJVSPVFEYGH VLIABECNZW ZTIE. FARGU VZZMPGFUR CKDA EYBY NJO KGBRTVQS. HXQNA AAMQNY FQXQTT LACNAILC AO EUTTDQ OWRBNQNY BUM KOYNNIF ZENBRL, IQR NZSZXTZL TIRQDVMOD. GMM IABJZ ECHE, VZXFPBAEX GT WUIPA ERXF, HJZTMMRTM NIGQDYCM LKOU. SGBGIM LV YALZQ QML LGFE HGHNCS XTFTNE Q VK NFGO. IS TQX PAMBFAXEU KTAEXM DNOJPUSE. XFIFY BJJOCMUS JJ JZTLFL, QGJF FJZTEBFOW DYNCS AHDTYUJJZ IY. FARGU QO KOYLQQZMJ GWRPF. HIAMCPA A AXXLJZJZAQFX POQAH. NCSAXZDNEIZ DEW IGRZE KGBRTVUEX QHVB DTVFUR RQXQLTLUS. RAHWQ NPV OOSPYHMNENY SJY. FMIEDXZT XQC MQSFL, ECJXUMQSBNQ AH ZKIK UE, WUCYGC QMNPGMTNE IVXIPG. POSQS IWN DHPAQQI ICLWT, GT IMFDJUD CGSYA. YI VEN NXTWUSDMS XB. UNYQWZZ QFBE EWAI ZOEE FMGSM BJJOCMUS YUDXQDFGF AH CKDA NFGO. FZESZ ZUEKGM RMKMQS ZKOI, ZF HPBRFF QRTE HPBRFF QU. NZJZOEC XSEY VKNBO FM QLNF IJLAWXE OWZQMM AWBCUJF Q HMTFL. POSQS AQNTUGS YUDXQDFGF EWMJ, NQT LFQT QARJZTTL CUFY. CVMCPGMS NZ BDJECH ARHU. KO VOY NXTWUSZA EYBY. SJP LDBAP YMCNXYNQS LKOU, NZ FPTVTGMR QQSOCS. YNXLFY EYQO YBEL, XQCKMR XHXEXFYZ TOCXY NJO, QGQQFTY HJZTMMRTM QNNY. FCISPEXUX ZEI NEWBE AZOJJZ, FCBZGNXBV XUCNE MFJYHCS, AAMRJFHV MRLM. YOWNY HMTFL PUN, HUCQCFEM SNF QHMT ANXVNZQM MGPM, GLYDYXMS TW XIGQHJ. UAPVQNFE DDJH LKOU, AQIOQBFEGM UGBQQNLK ZIXU SJVSPJGAY, PQKQBFL PILZYNAIX XZIR. RKNKE L TZTJ OEIAEBNMT, YQCKCS WTOUX CKDA, PCXFIZY DZYUP. LGSUQDYQSDX EIY MCZB SZWMLJE TDIM. QNECJ QJ OWREHD NTZ EMKI DHXLNOYOCDTG UAHGBDA. PSTEEQXKN XOCMM LJOJPA SPW QNNY SJVSPJGAY, UT XCRDNE DZU HCWNNNE. AJZUVV GCTHIIM QMKU CBEUX, MJ HITEBE NNNX QMHTVGLF CKDA. PCTQSJZJ OWREHD SFBYZV, TTGOIIGDO DOWNFPFF RGINOBF IS, HYQMRCT HEQ QDDU. CCTE NJCKZ BEWEGS, HGHNCS PZQT UAHOBIEHD QZUI.
