P2
24 7
15
0 0 0 0 0 0 0 0 0 0 0 0 0 3 3 3 3 0 0 3 3 3 3 0 
0 0 0 0 0 0 0 3 3 3 3 0 3 9 9 9 6 3 3 12 12 12 12 3 
0 0 0 0 0 0 0 3 0 0 0 0 3 9 9 6 3 0 3 12 9 9 12 3 
0 0 0 0 0 0 0 3 3 3 0 0 3 12 9 6 3 0 3 15 12 12 12 3 
0 0 0 0 0 0 0 3 0 0 0 0 3 9 9 6 3 0 3 12 6 3 3 0 
0 0 0 0 0 0 0 3 3 3 3 0 3 9 9 9 6 3 3 9 3 0 0 0 
0 0 0 0 0 0 0 0 0 0 0 0 0 3 3 3 3 0 0 3 0 0 0 0 
